#      https://www.apache.org/licenses/LICENSE-2.0
#
--
PRG="$0"
# Need this for relative symlinks.
--
while [ -h "$PRG" ] ; do
    ls=`ls -ld "$PRG"`
    link=`expr "$ls" : '.*-> \(.*\)$'`
--
        PRG="$link"
    else
--
        PRG=`dirname "$PRG"`"/$link"
    fi
--
cd "`dirname \"$PRG\"`/" >/dev/null
APP_HOME="`pwd -P`"
--
    # We build the pattern for arguments to be converted via cygpath
    ROOTDIRSRAW=`find -L / -maxdepth 1 -mindepth 1 -type d 2>/dev/null`
--
    # Add a user-defined pattern to the cygpath arguments
    if [ "$GRADLE_CYGPATTERN" != "" ] ; then
--
    # Now convert the arguments - kludge to limit ourselves to /bin/sh
    i=0
--
    for arg in "$@" ; do
        CHECK=`echo "$arg"|egrep -c "$OURCYGPATTERN" -`
        CHECK2=`echo "$arg"|egrep -c "^-"`                                 ### Determine if an option

--
            eval `echo args$i`=`cygpath --path --ignore --mixed "$arg"`
        else
--
            eval `echo args$i`="\"$arg\""
        fi
--
        1) set -- "$args0" ;;
        2) set -- "$args0" "$args1" ;;
        3) set -- "$args0" "$args1" "$args2" ;;
        4) set -- "$args0" "$args1" "$args2" "$args3" ;;
        5) set -- "$args0" "$args1" "$args2" "$args3" "$args4" ;;
        6) set -- "$args0" "$args1" "$args2" "$args3" "$args4" "$args5" ;;
        7) set -- "$args0" "$args1" "$args2" "$args3" "$args4" "$args5" "$args6" ;;
        8) set -- "$args0" "$args1" "$args2" "$args3" "$args4" "$args5" "$args6" "$args7" ;;
        9) set -- "$args0" "$args1" "$args2" "$args3" "$args4" "$args5" "$args6" "$args7" "$args8" ;;
    esac
--
# Escape application args
save () {
--
APP_ARGS=`save "$@"`

--
# Collect all arguments for the java command, following the shell quoting and substitution rules
eval set -- $DEFAULT_JVM_OPTS $JAVA_OPTS $GRADLE_OPTS "\"-Dorg.gradle.appname=$APP_BASE_NAME\"" -classpath "\"$CLASSPATH\"" org.gradle.wrapper.GradleWrapperMain "$APP_ARGS"
