PRG="$0"
while [ -h "$PRG" ] ; do
    ls=`ls -ld "$PRG"`
        PRG="$link"
        PRG=`dirname "$PRG"`"/$link"
cd "`dirname \"$PRG\"`/" >/dev/null
APP_ARGS=`save "$@"`
eval set -- $DEFAULT_JVM_OPTS $JAVA_OPTS $GRADLE_OPTS "\"-Dorg.gradle.appname=$APP_BASE_NAME\"" -classpath "\"$CLASSPATH\"" org.gradle.wrapper.GradleWrapperMain "$APP_ARGS"