# See the License for the specific language governing permissions and
# limitations under the License.
#
--
    if expr "$link" : '/.*' > /dev/null; then
        PRG="$link"
    else
--
# OS specific support (must be 'true' or 'false').
cygwin=false
msys=false
--
if [ -n "$JAVA_HOME" ] ; then
    if [ -x "$JAVA_HOME/jre/sh/java" ] ; then
        # IBM's JDK on AIX uses strange locations for the executables
        JAVACMD="$JAVA_HOME/jre/sh/java"
--
    if [ ! -x "$JAVACMD" ] ; then
        die "ERROR: JAVA_HOME is set to an invalid directory: $JAVA_HOME

--
# Increase the maximum file descriptors if we can.
if [ "$cygwin" = "false" -a "$darwin" = "false" -a "$nonstop" = "false" ] ; then
    MAX_FD_LIMIT=`ulimit -H -n`
    if [ $? -eq 0 ] ; then
        if [ "$MAX_FD" = "maximum" -o "$MAX_FD" = "max" ] ; then
            MAX_FD="$MAX_FD_LIMIT"
        fi
--
        if [ $? -ne 0 ] ; then
            warn "Could not set maximum file descriptor limit: $MAX_FD"
        fi
--
# For Darwin, add options to specify how the application appears in the dock
if $darwin; then
    GRADLE_OPTS="$GRADLE_OPTS \"-Xdock:name=$APP_NAME\" \"-Xdock:icon=$APP_HOME/media/gradle.icns\""
fi
--
if [ "$cygwin" = "true" -o "$msys" = "true" ] ; then
    APP_HOME=`cygpath --path --mixed "$APP_HOME"`
    CLASSPATH=`cygpath --path --mixed "$CLASSPATH"`
--
    if [ "$GRADLE_CYGPATTERN" != "" ] ; then
        OURCYGPATTERN="$OURCYGPATTERN|($GRADLE_CYGPATTERN)"
    fi
--
        CHECK2=`echo "$arg"|egrep -c "^-"`                                 ### Determine if an option

        if [ $CHECK -ne 0 ] && [ $CHECK2 -eq 0 ] ; then                    ### Added a condition
            eval `echo args$i`=`cygpath --path --ignore --mixed "$arg"`
        else